2026-09-22T15:04:37.987-05:00  INFO 71502 --- [traceability-engine] [main] c.t.app.TraceabilityApplication          : Starting TraceabilityApplication using Java 21.0.12 with PID 71502 (/home/carlos/Proyectos/Donaciones/app/target/app-1.0.0-SNAPSHOT.jar started by carlos in /home/carlos/Proyectos/Donaciones)
2026-09-22T15:04:37.988-05:00 DEBUG 71502 --- [traceability-engine] [main] c.t.app.TraceabilityApplication          : Running with Spring Boot v3.4.4, Spring v6.2.5
2026-09-22T15:04:37.989-05:00  INFO 71502 --- [traceability-engine] [main] c.t.app.TraceabilityApplication          : No active profile set, falling back to 1 default profile: "default"
2026-09-22T15:04:38.755-05:00  INFO 71502 --- [traceability-engine] [main] .s.d.r.c.RepositoryConfigurationDelegate : Bootstrapping Spring Data MongoDB repositories in DEFAULT mode.
2026-09-22T15:04:38.873-05:00  INFO 71502 --- [traceability-engine] [main] .s.d.r.c.RepositoryConfigurationDelegate : Finished Spring Data repository scanning in 113 ms. Found 11 MongoDB repository interfaces.
2026-09-22T15:04:39.550-05:00  INFO 71502 --- [traceability-engine] [main] o.s.b.w.embedded.tomcat.TomcatWebServer  : Tomcat initialized with port 8080 (http)
2026-09-22T15:04:39.565-05:00  INFO 71502 --- [traceability-engine] [main] o.apache.catalina.core.StandardService   : Starting service [Tomcat]
2026-09-22T15:04:39.565-05:00  INFO 71502 --- [traceability-engine] [main] o.apache.catalina.core.StandardEngine    : Starting Servlet engine: [Apache Tomcat/10.1.39]
2026-09-22T15:04:39.589-05:00  INFO 71502 --- [traceability-engine] [main] o.a.c.c.C.[Tomcat].[localhost].[/]       : Initializing Spring embedded WebApplicationContext
2026-09-22T15:04:39.589-05:00  INFO 71502 --- [traceability-engine] [main] w.s.c.ServletWebServerApplicationContext : Root WebApplicationContext: initialization completed in 1296 ms
2026-09-22T15:04:39.759-05:00  INFO 71502 --- [traceability-engine] [main] org.mongodb.driver.client                : MongoClient with metadata {"driver": {"name": "mongo-java-driver|sync|spring-boot", "version": "5.2.1"}, "os": {"type": "Linux", "name": "Linux", "architecture": "amd64", "version": "7.2.6-1-cachyos"}, "platform": "Java/Arch Linux/21.0.12+8"} created with settings MongoClientSettings{readPreference=primary, writeConcern=WriteConcern{w=null, wTimeout=null ms, journal=null}, retryWrites=true, retryReads=true, readConcern=ReadConcern{level=null}, credential=null, transportSettings=null, commandListeners=[], codecRegistry=ProvidersCodecRegistry{codecProviders=[ValueCodecProvider{}, BsonValueCodecProvider{}, DBRefCodecProvider{}, DBObjectCodecProvider{}, DocumentCodecProvider{}, CollectionCodecProvider{}, IterableCodecProvider{}, MapCodecProvider{}, GeoJsonCodecProvider{}, GridFSFileCodecProvider{}, Jsr310CodecProvider{}, JsonObjectCodecProvider{}, BsonCodecProvider{}, EnumCodecProvider{}, com.mongodb.client.model.mql.ExpressionCodecProvider@20b829d5, com.mongodb.Jep395RecordCodecProvider@7c5f29c6, com.mongodb.KotlinCodecProvider@4baf997]}, loggerSettings=LoggerSettings{maxDocumentLength=1000}, clusterSettings={hosts=[localhost:27017], srvServiceName=mongodb, mode=SINGLE, requiredClusterType=UNKNOWN, requiredReplicaSetName='null', serverSelector='null', clusterListeners='[]', serverSelectionTimeout='30000 ms', localThreshold='15 ms'}, socketSettings=SocketSettings{connectTimeoutMS=10000, readTimeoutMS=0, receiveBufferSize=0, proxySettings=ProxySettings{host=null, port=null, username=null, password=null}}, heartbeatSocketSettings=SocketSettings{connectTimeoutMS=10000, readTimeoutMS=10000, receiveBufferSize=0, proxySettings=ProxySettings{host=null, port=null, username=null, password=null}}, connectionPoolSettings=ConnectionPoolSettings{maxSize=100, minSize=0, maxWaitTimeMS=120000, maxConnectionLifeTimeMS=0, maxConnectionIdleTimeMS=0, maintenanceInitialDelayMS=0, maintenanceFrequencyMS=60000, connectionPoolListeners=[], maxConnecting=2}, serverSettings=ServerSettings{heartbeatFrequencyMS=10000, minHeartbeatFrequencyMS=500, serverMonitoringMode=AUTO, serverListeners='[]', serverMonitorListeners='[]'}, sslSettings=SslSettings{enabled=false, invalidHostNameAllowed=false, context=null}, applicationName='null', compressorList=[], uuidRepresentation=JAVA_LEGACY, serverApi=null, autoEncryptionSettings=null, dnsClient=null, inetAddressResolver=null, contextProvider=null, timeoutMS=null}
2026-09-22T15:04:39.789-05:00  INFO 71502 --- [traceability-engine] [cluster-ClusterId{value='6ab2df57c8770c1e765d6a33', description='null'}-localhost:27017] org.mongodb.driver.cluster               : Monitor thread successfully connected to server with description ServerDescription{address=localhost:27017, type=REPLICA_SET_PRIMARY, cryptd=false, state=CONNECTED, ok=true, minWireVersion=0, maxWireVersion=28, maxDocumentSize=16777216, logicalSessionTimeoutMinutes=30, roundTripTimeNanos=21268563, minRoundTripTimeNanos=0, setName='rs0', canonicalAddress=127.0.0.1:27017, hosts=[127.0.0.1:27017], passives=[], arbiters=[], primary='127.0.0.1:27017', tagSet=TagSet{[]}, electionId=7fffffff0000000000000001, setVersion=1, topologyVersion=TopologyVersion{processId=6ab2de475c95cb94cab26523, counter=6}, lastWriteDate=Tue Sep 22 15:04:31 COT 2026, lastUpdateTimeNanos=4140251048837}
2026-09-22T15:04:41.808-05:00  INFO 71502 --- [traceability-engine] [main] o.s.b.w.embedded.tomcat.TomcatWebServer  : Tomcat started on port 8080 (http) with context path '/'
2026-09-22T15:04:41.820-05:00  INFO 71502 --- [traceability-engine] [scheduling-1] c.t.a.s.BlockchainAnchorProducer         : Starting MerkleBatch production cycle...
2026-09-22T15:04:41.828-05:00  INFO 71502 --- [traceability-engine] [main] c.t.app.TraceabilityApplication          : Started TraceabilityApplication in 4.239 seconds (process running for 4.594)
2026-09-22T15:04:41.889-05:00 DEBUG 71502 --- [traceability-engine] [scheduling-1] c.t.a.s.BlockchainAnchorProducer         : No unanchored events found. Aborting batch production.
2026-09-22T15:04:41.962-05:00 DEBUG 71502 --- [traceability-engine] [scheduling-1] c.t.c.a.s.BlockchainAnchorScheduler      : No PENDING batches to process
2026-09-22T15:05:11.986-05:00 DEBUG 71502 --- [traceability-engine] [scheduling-1] c.t.c.a.s.BlockchainAnchorScheduler      : No PENDING batches to process
2026-09-22T15:05:41.895-05:00  INFO 71502 --- [traceability-engine] [scheduling-1] c.t.a.s.BlockchainAnchorProducer         : Starting MerkleBatch production cycle...
2026-09-22T15:05:41.897-05:00 DEBUG 71502 --- [traceability-engine] [scheduling-1] c.t.a.s.BlockchainAnchorProducer         : No unanchored events found. Aborting batch production.
2026-09-22T15:05:42.013-05:00 DEBUG 71502 --- [traceability-engine] [scheduling-1] c.t.c.a.s.BlockchainAnchorScheduler      : No PENDING batches to process
2026-09-22T15:06:12.037-05:00 DEBUG 71502 --- [traceability-engine] [scheduling-1] c.t.c.a.s.BlockchainAnchorScheduler      : No PENDING batches to process
2026-09-22T15:06:41.898-05:00  INFO 71502 --- [traceability-engine] [scheduling-1] c.t.a.s.BlockchainAnchorProducer         : Starting MerkleBatch production cycle...
2026-09-22T15:06:41.900-05:00 DEBUG 71502 --- [traceability-engine] [scheduling-1] c.t.a.s.BlockchainAnchorProducer         : No unanchored events found. Aborting batch production.
2026-09-22T15:06:42.065-05:00 DEBUG 71502 --- [traceability-engine] [scheduling-1] c.t.c.a.s.BlockchainAnchorScheduler      : No PENDING batches to process
2026-09-22T15:07:06.357-05:00  INFO 71502 --- [traceability-engine] [http-nio-8080-exec-1] o.a.c.c.C.[Tomcat].[localhost].[/]       : Initializing Spring DispatcherServlet 'dispatcherServlet'
2026-09-22T15:07:06.357-05:00  INFO 71502 --- [traceability-engine] [http-nio-8080-exec-1] o.s.web.servlet.DispatcherServlet        : Initializing Servlet 'dispatcherServlet'
2026-09-22T15:07:06.358-05:00  INFO 71502 --- [traceability-engine] [http-nio-8080-exec-1] o.s.web.servlet.DispatcherServlet        : Completed initialization in 1 ms
2026-09-22T15:07:12.094-05:00 DEBUG 71502 --- [traceability-engine] [scheduling-1] c.t.c.a.s.BlockchainAnchorScheduler      : No PENDING batches to process
2026-09-22T15:07:41.901-05:00  INFO 71502 --- [traceability-engine] [scheduling-1] c.t.a.s.BlockchainAnchorProducer         : Starting MerkleBatch production cycle...
2026-09-22T15:07:41.903-05:00 DEBUG 71502 --- [traceability-engine] [scheduling-1] c.t.a.s.BlockchainAnchorProducer         : No unanchored events found. Aborting batch production.
2026-09-22T15:07:42.124-05:00 DEBUG 71502 --- [traceability-engine] [scheduling-1] c.t.c.a.s.BlockchainAnchorScheduler      : No PENDING batches to process
2026-09-22T15:08:12.150-05:00 DEBUG 71502 --- [traceability-engine] [scheduling-1] c.t.c.a.s.BlockchainAnchorScheduler      : No PENDING batches to process
2026-09-22T15:08:41.904-05:00  INFO 71502 --- [traceability-engine] [scheduling-1] c.t.a.s.BlockchainAnchorProducer         : Starting MerkleBatch production cycle...
2026-09-22T15:08:41.905-05:00 DEBUG 71502 --- [traceability-engine] [scheduling-1] c.t.a.s.BlockchainAnchorProducer         : No unanchored events found. Aborting batch production.
2026-09-22T15:08:42.178-05:00 DEBUG 71502 --- [traceability-engine] [scheduling-1] c.t.c.a.s.BlockchainAnchorScheduler      : No PENDING batches to process
2026-09-22T15:09:12.208-05:00 DEBUG 71502 --- [traceability-engine] [scheduling-1] c.t.c.a.s.BlockchainAnchorScheduler      : No PENDING batches to process
2026-09-22T15:09:41.906-05:00  INFO 71502 --- [traceability-engine] [scheduling-1] c.t.a.s.BlockchainAnchorProducer         : Starting MerkleBatch production cycle...
2026-09-22T15:09:41.915-05:00 DEBUG 71502 --- [traceability-engine] [scheduling-1] c.t.a.s.BlockchainAnchorProducer         : No unanchored events found. Aborting batch production.
2026-09-22T15:09:42.230-05:00 DEBUG 71502 --- [traceability-engine] [scheduling-1] c.t.c.a.s.BlockchainAnchorScheduler      : No PENDING batches to process
2026-09-22T15:10:12.257-05:00 DEBUG 71502 --- [traceability-engine] [scheduling-1] c.t.c.a.s.BlockchainAnchorScheduler      : No PENDING batches to process
2026-09-22T15:10:41.916-05:00  INFO 71502 --- [traceability-engine] [scheduling-1] c.t.a.s.BlockchainAnchorProducer         : Starting MerkleBatch production cycle...
2026-09-22T15:10:41.918-05:00 DEBUG 71502 --- [traceability-engine] [scheduling-1] c.t.a.s.BlockchainAnchorProducer         : No unanchored events found. Aborting batch production.
2026-09-22T15:10:42.282-05:00 DEBUG 71502 --- [traceability-engine] [scheduling-1] c.t.c.a.s.BlockchainAnchorScheduler      : No PENDING batches to process
2026-09-22T15:10:46.702-05:00  INFO 71502 --- [traceability-engine] [cluster-ClusterId{value='6ab2df57c8770c1e765d6a33', description='null'}-localhost:27017] org.mongodb.driver.cluster               : Exception in monitor thread while connecting to server localhost:27017

com.mongodb.MongoNodeIsRecoveringException: Command failed with error 11600 (InterruptedAtShutdown): 'interrupted at shutdown' on server localhost:27017. The full response is {"ok": 0.0, "errmsg": "interrupted at shutdown", "code": 11600, "codeName": "InterruptedAtShutdown", "$clusterTime": {"clusterTime": {"$timestamp": {"t": 1790107841, "i": 1}}, "signature": {"hash": {"$binary": {"base64": "AAAAAAAAAAAAAAAAAAAAAAAAAAA=", "subType": "00"}}, "keyId": 0}}, "operationTime": {"$timestamp": {"t": 1790107841, "i": 1}}}
	at com.mongodb.internal.connection.ProtocolHelper.createSpecialException(ProtocolHelper.java:264) ~[mongodb-driver-core-5.2.1.jar!/:na]
	at com.mongodb.internal.connection.ProtocolHelper.getCommandFailureException(ProtocolHelper.java:206) ~[mongodb-driver-core-5.2.1.jar!/:na]
	at com.mongodb.internal.connection.InternalStreamConnection.receiveCommandMessageResponse(InternalStreamConnection.java:520) ~[mongodb-driver-core-5.2.1.jar!/:na]
	at com.mongodb.internal.connection.InternalStreamConnection.receive(InternalStreamConnection.java:469) ~[mongodb-driver-core-5.2.1.jar!/:na]
	at com.mongodb.internal.connection.DefaultServerMonitor$ServerMonitor.lookupServerDescription(DefaultServerMonitor.java:249) ~[mongodb-driver-core-5.2.1.jar!/:na]
	at com.mongodb.internal.connection.DefaultServerMonitor$ServerMonitor.run(DefaultServerMonitor.java:176) ~[mongodb-driver-core-5.2.1.jar!/:na]

2026-09-22T15:10:46.732-05:00 ERROR 71502 --- [traceability-engine] [SimpleAsyncTaskExecutor-1] rContainer$DecoratingLoggingErrorHandler : Unexpected error occurred while listening to MongoDB

org.springframework.data.mongodb.UncategorizedMongoDbException: Command failed with error 11600 (InterruptedAtShutdown): 'interrupted at shutdown' on server localhost:27017. The full response is {"ok": 0.0, "errmsg": "interrupted at shutdown", "code": 11600, "codeName": "InterruptedAtShutdown", "$clusterTime": {"clusterTime": {"$timestamp": {"t": 1790107841, "i": 1}}, "signature": {"hash": {"$binary": {"base64": "AAAAAAAAAAAAAAAAAAAAAAAAAAA=", "subType": "00"}}, "keyId": 0}}, "operationTime": {"$timestamp": {"t": 1790107841, "i": 1}}}
	at org.springframework.data.mongodb.core.MongoExceptionTranslator.doTranslateException(MongoExceptionTranslator.java:151) ~[spring-data-mongodb-4.4.4.jar!/:4.4.4]
	at org.springframework.data.mongodb.core.MongoExceptionTranslator.translateExceptionIfPossible(MongoExceptionTranslator.java:74) ~[spring-data-mongodb-4.4.4.jar!/:4.4.4]
	at org.springframework.data.mongodb.core.messaging.CursorReadingTask.execute(CursorReadingTask.java:249) ~[spring-data-mongodb-4.4.4.jar!/:4.4.4]
	at org.springframework.data.mongodb.core.messaging.CursorReadingTask.run(CursorReadingTask.java:82) ~[spring-data-mongodb-4.4.4.jar!/:4.4.4]
	at java.base/java.lang.Thread.run(Thread.java:1583) ~[na:na]
Caused by: com.mongodb.MongoQueryException: Command failed with error 11600 (InterruptedAtShutdown): 'interrupted at shutdown' on server localhost:27017. The full response is {"ok": 0.0, "errmsg": "interrupted at shutdown", "code": 11600, "codeName": "InterruptedAtShutdown", "$clusterTime": {"clusterTime": {"$timestamp": {"t": 1790107841, "i": 1}}, "signature": {"hash": {"$binary": {"base64": "AAAAAAAAAAAAAAAAAAAAAAAAAAA=", "subType": "00"}}, "keyId": 0}}, "operationTime": {"$timestamp": {"t": 1790107841, "i": 1}}}
	at com.mongodb.internal.operation.CommandBatchCursorHelper.translateCommandException(CommandBatchCursorHelper.java:82) ~[mongodb-driver-core-5.2.1.jar!/:na]
	at com.mongodb.internal.operation.CommandBatchCursor.lambda$getMore$1(CommandBatchCursor.java:246) ~[mongodb-driver-core-5.2.1.jar!/:na]
	at com.mongodb.internal.operation.CommandBatchCursor$ResourceManager.executeWithConnection(CommandBatchCursor.java:334) ~[mongodb-driver-core-5.2.1.jar!/:na]
	at com.mongodb.internal.operation.CommandBatchCursor.getMore(CommandBatchCursor.java:233) ~[mongodb-driver-core-5.2.1.jar!/:na]
	at com.mongodb.internal.operation.CommandBatchCursor.tryHasNext(CommandBatchCursor.java:187) ~[mongodb-driver-core-5.2.1.jar!/:na]
	at com.mongodb.internal.operation.CommandBatchCursor.lambda$tryNext$0(CommandBatchCursor.java:174) ~[mongodb-driver-core-5.2.1.jar!/:na]
	at com.mongodb.internal.operation.CommandBatchCursor$ResourceManager.execute(CommandBatchCursor.java:296) ~[mongodb-driver-core-5.2.1.jar!/:na]
	at com.mongodb.internal.operation.CommandBatchCursor.tryNext(CommandBatchCursor.java:173) ~[mongodb-driver-core-5.2.1.jar!/:na]
	at com.mongodb.internal.operation.ChangeStreamBatchCursor.lambda$tryNext$4(ChangeStreamBatchCursor.java:124) ~[mongodb-driver-core-5.2.1.jar!/:na]
	at com.mongodb.internal.operation.ChangeStreamBatchCursor.execute(ChangeStreamBatchCursor.java:232) ~[mongodb-driver-core-5.2.1.jar!/:na]
	at com.mongodb.internal.operation.ChangeStreamBatchCursor.resumeableOperation(ChangeStreamBatchCursor.java:216) ~[mongodb-driver-core-5.2.1.jar!/:na]
	at com.mongodb.internal.operation.ChangeStreamBatchCursor.tryNext(ChangeStreamBatchCursor.java:122) ~[mongodb-driver-core-5.2.1.jar!/:na]
	at com.mongodb.client.internal.MongoChangeStreamCursorImpl.tryNext(MongoChangeStreamCursorImpl.java:90) ~[mongodb-driver-sync-5.2.1.jar!/:na]
	at org.springframework.data.mongodb.core.messaging.CursorReadingTask.lambda$getNext$8(CursorReadingTask.java:217) ~[spring-data-mongodb-4.4.4.jar!/:4.4.4]
	at org.springframework.data.util.Lock.execute(Lock.java:106) ~[spring-data-commons-3.4.4.jar!/:3.4.4]
	at org.springframework.data.mongodb.core.messaging.CursorReadingTask.getNext(CursorReadingTask.java:215) ~[spring-data-mongodb-4.4.4.jar!/:4.4.4]
	at org.springframework.data.mongodb.core.messaging.CursorReadingTask.execute(CursorReadingTask.java:246) ~[spring-data-mongodb-4.4.4.jar!/:4.4.4]
	... 2 common frames omitted

2026-09-22T15:10:46.893-05:00  INFO 71502 --- [traceability-engine] [scheduling-1] org.mongodb.driver.cluster               : Waiting for server to become available for operation with ID 912. Remaining time: 29996 ms. Selector: ReadPreferenceServerSelector{readPreference=primary}, topology description: {type=UNKNOWN, servers=[{address=localhost:27017, type=UNKNOWN, state=CONNECTING, exception={com.mongodb.MongoNodeIsRecoveringException: Command failed with error 11600 (InterruptedAtShutdown): 'interrupted at shutdown' on server localhost:27017. The full response is {"ok": 0.0, "errmsg": "interrupted at shutdown", "code": 11600, "codeName": "InterruptedAtShutdown", "$clusterTime": {"clusterTime": {"$timestamp": {"t": 1790107841, "i": 1}}, "signature": {"hash": {"$binary": {"base64": "AAAAAAAAAAAAAAAAAAAAAAAAAAA=", "subType": "00"}}, "keyId": 0}}, "operationTime": {"$timestamp": {"t": 1790107841, "i": 1}}}}}].
2026-09-22T15:10:47.238-05:00  INFO 71502 --- [traceability-engine] [cluster-ClusterId{value='6ab2df57c8770c1e765d6a33', description='null'}-localhost:27017] org.mongodb.driver.cluster               : Exception in monitor thread while connecting to server localhost:27017

com.mongodb.MongoSocketOpenException: Exception opening socket
	at com.mongodb.internal.connection.SocketStream.lambda$open$0(SocketStream.java:85) ~[mongodb-driver-core-5.2.1.jar!/:na]
	at java.base/java.util.Optional.orElseThrow(Optional.java:403) ~[na:na]
	at com.mongodb.internal.connection.SocketStream.open(SocketStream.java:85) ~[mongodb-driver-core-5.2.1.jar!/:na]
	at com.mongodb.internal.connection.InternalStreamConnection.open(InternalStreamConnection.java:233) ~[mongodb-driver-core-5.2.1.jar!/:na]
	at com.mongodb.internal.connection.DefaultServerMonitor$ServerMonitor.lookupServerDescription(DefaultServerMonitor.java:219) ~[mongodb-driver-core-5.2.1.jar!/:na]
	at com.mongodb.internal.connection.DefaultServerMonitor$ServerMonitor.run(DefaultServerMonitor.java:176) ~[mongodb-driver-core-5.2.1.jar!/:na]
Caused by: java.net.ConnectException: Conexión rehusada
	at java.base/sun.nio.ch.Net.pollConnect(Native Method) ~[na:na]
	at java.base/sun.nio.ch.Net.pollConnectNow(Net.java:694) ~[na:na]
	at java.base/sun.nio.ch.NioSocketImpl.timedFinishConnect(NioSocketImpl.java:542) ~[na:na]
	at java.base/sun.nio.ch.NioSocketImpl.connect(NioSocketImpl.java:592) ~[na:na]
	at java.base/java.net.SocksSocketImpl.connect(SocksSocketImpl.java:327) ~[na:na]
	at java.base/java.net.Socket.connect(Socket.java:751) ~[na:na]
	at com.mongodb.internal.connection.SocketStreamHelper.initialize(SocketStreamHelper.java:76) ~[mongodb-driver-core-5.2.1.jar!/:na]
	at com.mongodb.internal.connection.SocketStream.initializeSocket(SocketStream.java:104) ~[mongodb-driver-core-5.2.1.jar!/:na]
	at com.mongodb.internal.connection.SocketStream.open(SocketStream.java:79) ~[mongodb-driver-core-5.2.1.jar!/:na]
	... 3 common frames omitted

2026-09-22T15:10:56.765-05:00  INFO 71502 --- [traceability-engine] [SpringApplicationShutdownHook] o.s.b.w.e.tomcat.GracefulShutdown        : Commencing graceful shutdown. Waiting for active requests to complete
2026-09-22T15:10:56.769-05:00  INFO 71502 --- [traceability-engine] [tomcat-shutdown] o.s.b.w.e.tomcat.GracefulShutdown        : Graceful shutdown complete
